1. Logging in...
> Req: GET /api/auth/csrf
< Res: 200 /api/auth/csrf
> Req: POST /api/auth/callback/credentials
< Res: 302 /api/auth/callback/credentials
node : Test failed TypeError: Cannot 
read properties of undefined 
(reading 'map')
At line:1 char:1
+ node test-workspace-flow.js > 
test_output.txt 2>&1
+ ~~~~~~~~~~~~~~~~~~~~~~~~~~~~~~~~~~~
~~~~~~~~~~~~~~~
    + CategoryInfo          : NotSpe 
   cified: (Test failed Typ...(read  
  ing 'map'):String) [], RemoteExc   
 eption
    + FullyQualifiedErrorId : Native 
   CommandError
 
    at login (C:\Users\user\Desktop\n
eon-admin-dashboard\test-workspace-fl
ow.js:96:40)
    at 
process.processTicksAndRejections (no
de:internal/process/task_queues:103:5
)
    at async main (C:\Users\user\Desk
top\neon-admin-dashboard\test-workspa
ce-flow.js:201:24)
